<div style="font-size:12pt;font-family:&quot;Microsoft Sans Serif&quot;;">
    <p style="font-size:8.5pt;margin:0;">
        <mark>Background
        </mark>
    </p>
    <p style="font-size:8.5pt;margin:0;">
        <mark>2nd line
        </mark>
    </p>
    <p style="font-size:8.5pt;margin:0;">
        <br />
    </p>
 </div>