<div style="font-size:12pt;font-family:&quot;Segoe UI&quot;;">
    <p style="font-size:10pt;font-family:Arial;text-indent:0;text-align:left;margin:0 0 10.7px 0;">Left
    </p>
    <p style="font-size:10pt;font-family:Arial;text-indent:0;text-align:center;margin:0 0 10.7px 0;"> Center
    </p>
    <p style="font-size:10pt;font-family:Arial;text-indent:0;text-align:right;margin:0 0 10.7px 0;"> Right
    </p>
    <p style="font-size:10pt;font-family:Arial;text-indent:0;text-align:right;margin:0 0 10.7px 0;"> 
        <span style="font-size:12pt;font-family:&quot;Segoe UI&quot;;"> 
        </span>
    </p>
 </div>