<div style="font-size:12pt;font-family:Arial, sans-serif;">
    <p style="font-size:10pt;margin:6.7px 0;">ist Ersatzabruf für 4200028332 warAN 68595 bez 12.261,20- Re 111607-7105658060-ok !!
    </p>
 </div>