<div style="font-size:12pt;font-family:&quot;Times New Roman&quot;;">
    <table style="font-size:2pt;border-spacing:0;box-sizing:border-box;margin:0 0 0 -7.2px;">
        <colgroup>
            <col style="width:75.2px;">
                <col style="width:149.4px;">
                    <col style="width:94.5px;">
                        <col style="width:153.5px;">
                        </colgroup>
                        <tr style="text-align:left;">
                            <td colspan="4" style="border:none;padding:0 7.2px;">&nbsp;
                            </td>
                        </tr>
                        <tr style="text-align:left;line-height:1.4;font-size:10pt;">
                            <td style="border:none;padding:0 7.2px;">
                                <span style="font-family:宋体;">就诊时间:
                                </span>
                            </td>
                            <td colspan="3" style="vertical-align:top;border:none;padding:0 7.2px;">
                                <a id="JZSJ">
                                </a>
                                <span style="font-family:宋体;"> 2018年9月12日 11时45分25秒
                                </span>
                            </td>
                        </tr>
                        <tr style="text-align:left;line-height:1.4;font-size:10pt;">
                            <td style="vertical-align:bottom;border:none;padding:0 7.2px;">
                                <span style="font-family:宋体;">基本信息:
                                </span>
                            </td>
                            <td colspan="2" style="font-size:11pt;vertical-align:top;border:none;padding:0 7.2px;">
                                <span style="font-family:宋体;font-size:10pt;"> 病历保存:无门诊病历
                                </span>
                                <span style="font-family:宋体;"> 
                                </span>
                            </td>
                            <td style="vertical-align:top;border:none;padding:0 7.2px;">
                                <span style="font-family:宋体;">费用类型:自费
                                </span>
                            </td>
                        </tr>
                        <tr style="text-align:left;line-height:1.4;font-size:10pt;">
                            <td style="text-align:right;vertical-align:bottom;border:none;padding:0 7.2px;">&nbsp;
                            </td>
                            <td colspan="2" style="font-size:11pt;vertical-align:top;border:none;padding:0 7.2px;">
                                <span style="font-family:宋体;font-size:10pt;"> 卡号:99999999999999
                                </span>
                                <span style="font-family:宋体;"> 
                                </span>
                            </td>
                            <td style="vertical-align:top;border:none;padding:0 7.2px;">
                                <span style="font-family:宋体;">病历号:
                                </span>
                            </td>
                        </tr>
                        <tr style="text-align:left;line-height:1.4;font-size:10pt;">
                            <td style="text-align:right;vertical-align:bottom;border:none;padding:0 7.2px;">&nbsp;
                            </td>
                            <td style="vertical-align:top;border:none;padding:0 7.2px;">
                                <span style="font-family:宋体;"> 姓名:
                                </span>
                            </td>
                            <td style="border:none;padding:0 7.2px;">
                                <span style="font-family:宋体;">性别:女
                                </span>
                            </td>
                            <td style="vertical-align:top;border:none;padding:0 7.2px;">
                                <span style="font-family:宋体;">年龄:2岁
                                </span>
                            </td>
                        </tr>
                        <tr style="text-align:left;line-height:1.4;font-size:10pt;">
                            <td style="text-align:right;vertical-align:bottom;border:none;padding:0 7.2px;">&nbsp;
                            </td>
                            <td colspan="2" style="vertical-align:top;border:none;padding:0 7.2px;">
                                <span style="font-family:宋体;"> 医保手册号:
                                </span>
                            </td>
                            <td style="vertical-align:top;border:none;padding:0 7.2px;">
                                <span style="font-family:宋体;">职业:未选择职业
                                </span>
                            </td>
                        </tr>
                        <tr style="text-align:left;line-height:1.4;font-size:10pt;">
                            <td style="text-align:right;vertical-align:bottom;border:none;padding:0 7.2px;">&nbsp;
                            </td>
                            <td colspan="3" style="vertical-align:top;border:none;padding:0 7.2px;">
                                <span style="font-family:宋体;"> 本人身份证号:999999999999999999
                                </span>
                            </td>
                        </tr>
                        <tr style="text-align:left;line-height:1.4;font-size:10pt;">
                            <td style="text-align:right;vertical-align:bottom;border:none;padding:0 7.2px;">&nbsp;
                            </td>
                            <td colspan="3" style="vertical-align:top;border:none;padding:0 7.2px;">
                                <span style="font-family:宋体;"> 工作单位或地址:号
                                </span>
                            </td>
                        </tr>
                    </table>
                    <p style="text-align:left;line-height:1.8;font-size:10pt;margin:0;">
                        <br>
                        </p>
                        <table style="line-height:1.8;font-size:10pt;border-spacing:0;box-sizing:border-box;margin:0 0 0 -7.2px;">
                            <colgroup>
                                <col style="width:82.8px;">
                                    <col style="width:388.5px;">
                                    </colgroup>
                                    <tr style="text-align:left;">
                                        <td style="vertical-align:top;border:none;padding:0 7.2px;">
                                            <strong style="font-family:宋体;">过敏信息：
                                            </strong>
                                        </td>
                                        <td style="vertical-align:top;border:none;padding:0 7.2px;">
                                            <a id="GMXX">
                                            </a>
                                            <span style="font-family:宋体;">　　
                                            </span>
                                        </td>
                                    </tr>
                                    <tr style="text-align:left;">
                                        <td style="vertical-align:top;border:none;padding:0 7.2px;">
                                            <strong style="font-family:宋体;">主 &#8199;&#8199;&#8199;诉：
                                            </strong>
                                        </td>
                                        <td style="vertical-align:top;border:none;padding:0 7.2px;">
                                            <a id="MZZS">
                                            </a>
                                            <span style="font-family:宋体;">　发热一日　
                                            </span>
                                        </td>
                                    </tr>
                                    <tr style="text-align:left;">
                                        <td style="vertical-align:top;border:none;padding:0 7.2px;">
                                            <strong style="font-family:宋体;">现 病 史：
                                            </strong>
                                        </td>
                                        <td style="vertical-align:top;border:none;padding:0 7.2px;">
                                            <a id="MZBS">
                                            </a>
                                            <span style="font-family:宋体;">　一日前无明显诱因出现发热，咳嗽。　
                                            </span>
                                        </td>
                                    </tr>
                                    <tr style="text-align:left;">
                                        <td style="vertical-align:top;border:none;padding:0 7.2px;">
                                            <strong style="font-family:宋体;">既 往 史：
                                            </strong>
                                        </td>
                                        <td style="vertical-align:top;border:none;padding:0 7.2px;">
                                            <a id="MZJWS">
                                            </a>
                                            <span style="font-family:宋体;">　无特殊　
                                            </span>
                                        </td>
                                    </tr>
                                    <tr style="text-align:left;">
                                        <td style="vertical-align:top;border:none;padding:0 7.2px;">
                                            <strong style="font-family:宋体;">个 人 史：
                                            </strong>
                                        </td>
                                        <td style="vertical-align:top;border:none;padding:0 7.2px;">
                                            <a id="GRS">
                                            </a>
                                            <span style="font-family:宋体;">　　
                                            </span>
                                        </td>
                                    </tr>
                                    <tr style="text-align:left;">
                                        <td style="vertical-align:top;border:none;padding:0 7.2px;">
                                            <strong style="font-family:宋体;">婚 育 史：
                                            </strong>
                                        </td>
                                        <td style="vertical-align:top;border:none;padding:0 7.2px;">
                                            <a id="HYS">
                                            </a>
                                            <span style="font-family:宋体;">　　
                                            </span>
                                        </td>
                                    </tr>
                                    <tr style="text-align:left;">
                                        <td style="vertical-align:top;border:none;padding:0 7.2px;">
                                            <strong style="font-family:宋体;">家 族 史：
                                            </strong>
                                        </td>
                                        <td style="vertical-align:top;border:none;padding:0 7.2px;">
                                            <a id="JZS">
                                            </a>
                                            <span style="font-family:宋体;">　　
                                            </span>
                                        </td>
                                    </tr>
                                    <tr style="text-align:left;">
                                        <td style="vertical-align:top;border:none;padding:0 7.2px;">
                                            <strong style="font-family:宋体;">体格检查：
                                            </strong>
                                        </td>
                                        <td style="vertical-align:top;border:none;padding:0 7.2px;">
                                            <a id="MZXY">
                                            </a>
                                            <span style="font-family:宋体;">血压：
                                            </span>
                                            <a id="XYD">
                                            </a>
                                            <span style="font-family:宋体;">　120　／
                                            </span>
                                            <a id="XYG">
                                            </a>
                                            <span style="font-family:宋体;">　80　mmHg.
                                            </span>
                                            <a id="MZTGJC">
                                            </a>
                                            <span style="font-family:宋体;">　HR　110bpm，双肺呼吸音粗，右下肺可及少许湿罗音，心音有力，律齐，腹软，双下肢不肿。　
                                            </span>
                                        </td>
                                    </tr>
                                    <tr style="text-align:left;">
                                        <td style="vertical-align:top;border:none;padding:0 7.2px;">
                                            <strong style="font-family:宋体;">辅助检查：
                                            </strong>
                                        </td>
                                        <td style="vertical-align:top;border:none;padding:0 7.2px;">
                                            <a id="MZFZJC">
                                            </a>
                                            <span style="font-family:宋体;">　　
                                            </span>
                                        </td>
                                    </tr>
                                    <tr style="text-align:left;">
                                        <td style="vertical-align:top;border:none;padding:0 7.2px;">
                                            <strong style="font-family:宋体;">诊 &#8199;&#8199;&#8199;断：
                                            </strong>
                                        </td>
                                        <td style="vertical-align:top;border:none;padding:0 7.2px;">
                                            <a id="MZZD">
                                            </a>
                                            <span style="font-family:宋体;">　1.健康查体 &#8199;
                                            </span>
                                        </td>
                                    </tr>
                                    <tr style="text-align:left;">
                                        <td style="vertical-align:top;border:none;padding:0 7.2px;">
                                            <strong style="font-family:宋体;">检 &#8199;&#8199;&#8199;查：
                                            </strong>
                                        </td>
                                        <td style="vertical-align:top;border:none;padding:0 7.2px;">
                                            <a id="MZJC">
                                            </a>
                                            <span style="font-family:宋体;">　[请双击填写检查] &#8199;
                                            </span>
                                        </td>
                                    </tr>
                                    <tr style="text-align:left;">
                                        <td style="vertical-align:top;border:none;padding:0 7.2px;">
                                            <strong style="font-family:宋体;">检 &#8199;&#8199;&#8199;验：
                                            </strong>
                                        </td>
                                        <td style="vertical-align:top;border:none;padding:0 7.2px;">
                                            <a id="MZJY">
                                            </a>
                                            <span style="font-family:宋体;">　[请双击填写检验] &#8199;
                                            </span>
                                        </td>
                                    </tr>
                                    <tr style="text-align:left;">
                                        <td style="vertical-align:top;border:none;padding:0 7.2px;">
                                            <strong style="font-family:宋体;">处 &#8199;&#8199;&#8199;方：
                                            </strong>
                                        </td>
                                        <td style="vertical-align:top;border:none;padding:0 7.2px;">
                                            <p style="font-family:宋体;margin:0;">
                                                <a id="MZCF">
                                                </a>　感冒清热冲剂(无糖型)　6g*20袋/6g　口服　tid每日三次;
                                            </p>
                                            <p style="font-family:宋体;margin:0;">　华法林钠片　3mg*100片/3mg　口服　qd每日一次;
                                            </p>
                                            <p style="font-family:宋体;margin:0;">　阿奇霉素片(希舒美)　250mg*8片/250mg　口服　qd每日一次;
                                            </p>
                                            <p style="margin:0;">
                                                <span style="font-family:宋体;">　代文　80mg*7粒/80mg　口服　qd每日一次; &#8199;
                                                </span>
                                            </p>
                                        </td>
                                    </tr>
                                    <tr style="text-align:left;">
                                        <td style="vertical-align:top;border:none;padding:0 7.2px;">
                                            <strong style="font-family:宋体;">医 &#8199;&#8199;&#8199;嘱：
                                            </strong>
                                        </td>
                                        <td style="vertical-align:top;border:none;padding:0 7.2px;">
                                            <a id="YZ">
                                            </a>
                                            <span style="font-family:宋体;">　　
                                            </span>
                                        </td>
                                    </tr>
                                </table>
                                <p style="text-align:left;line-height:1.8;font-size:10pt;margin:0;">
                                    <span style="font-family:宋体;">[此页以下部分为空格]
                                    </span>
                                </p>
                            </div>