<div style="font-size:12pt;font-family:&quot;Segoe UI&quot;;">
    <ul style="color:#FFFFFF;font-size:11.5pt;padding-left:0;list-style-position:inside;margin:0;">
        <li>A
        </li>
        <li>B
        </li>
        <li>C
        </li>
    </ul>
    <ol style="color:#FFFFFF;font-size:11.5pt;font-family:&quot;Segoe UI&quot;;padding-left:0;list-style-position:inside;margin:0;">
        <li>
            <span style="font-family:&quot;Segoe UI&quot;;">D
            </span>
        </li>
    </ol>
 </div>