<div style="font-size:12pt;font-family:&quot;Times New Roman&quot;;">
    <p style="font-size:30pt;margin:0;">Copies:
    </p>
    <p style="font-size:30pt;margin:0;">Dr G. Smith
    </p>
    <p style="font-size:30pt;margin:0;">
        <br />
    </p>
    <p style="font-size:30pt;margin:0;">PELVIS LEFT HIP 01/04/2019 Reference: 1234556 NHI: ABC1234
    </p>
    <p style="font-size:30pt;margin:0;">AC Reference: 12312443423
    </p>
    <p style="font-size:30pt;margin:0;">
        <br />
    </p>
    <p style="font-size:30pt;margin:0;">
        <br />
    </p>
 </div>