<div style="font-size:12pt;font-family:Courier;">
    <p style="margin:0;">This line is font 0 which is courier
        <br />
        <span style="font-family:ProFontWindows;">This line is font 1
            <br />
        </span>This line is font 0 again
        <br />This line has a 
        <span style="color:#FF0000;">red 
        </span>word
        <br />
        <mark>while this line has a 
        </mark>
        <mark style="color:#FF0000;">red 
        </mark>
        <mark>word and is highlighted in yellow
            <br />
        </mark>Finally, back to the default color.
        <br />&nbsp;
    </p>
 </div>