<div style="font-size:12pt;">
    <p style="text-align:center;font-size:22pt;font-family:宋体;margin:0;">
        <strong>《对外汉语教学概论》
        </strong>
    </p>
 </div>