<div style="font-size:12pt;font-family:&quot;Microsoft Sans Serif&quot;;">
    <p style="text-align:center;margin:0;">
        <mark style="background:#FF0000;">Red Background
        </mark>
        <mark style="background:#0000FF;">Bl
        </mark>
    </p>
    <p style="text-align:center;margin:0;">
        <mark style="background:#0000FF;">ue
        </mark>
        <mark style="background:#00FF00;">Green
        </mark>
    </p>
 </div>