<div style="font-size:12pt;font-family:&quot;Times New Roman&quot;;">
    <p style="font-size:30pt;margin:0;">Hello.brbr, World!
    </p>
 </div>