<div style="font-size:12pt;font-family:&quot;Courier New&quot;;">
    <p style="text-align:left;line-height:1.4;font-size:10pt;margin:0;">
        <br />
    </p>
    <p style="text-align:left;line-height:1.4;font-size:10pt;margin:0;">
        <br />
    </p>
    <p style="text-align:left;line-height:1.4;font-size:10pt;margin:0;">
        <br />
    </p>
    <p style="text-align:left;line-height:1.4;font-size:10pt;margin:0;">
        <br />
    </p>
    <p style="text-align:left;line-height:1.4;font-size:10pt;margin:0;">28th February, 2007.
    </p>
    <p style="text-align:left;line-height:1.4;font-size:10pt;margin:0;">
        <br />
    </p>
    <p style="text-align:left;line-height:1.4;font-size:10pt;margin:0;">Dr Donald Duck
    </p>
    <p style="text-align:left;line-height:1.4;font-size:10pt;margin:0;">Disney General Practice
    </p>
    <p style="text-align:left;line-height:1.4;font-size:10pt;margin:0;">1011 Bourbon Street
    </p>
    <p style="text-align:left;line-height:1.4;font-size:10pt;margin:0;">Random Town VIC 3377
    </p>
    <p style="text-align:left;line-height:1.4;font-size:10pt;margin:0;">
        <br />
    </p>
    <p style="text-align:left;line-height:1.4;font-size:10pt;margin:0;">Dear Pete
    </p>
    <p style="text-align:left;line-height:1.4;font-size:10pt;margin:0;">
        <br />
    </p>
    <p style="text-align:left;line-height:1.4;font-size:10pt;text-indent:48px;margin:0;">RE: Mr John Smith (DOB: 25/02/39)
    </p>
    <p style="text-align:left;line-height:1.4;font-size:10pt;text-indent:48px;margin:0;">Unit 15/246 Spencer Street Random Town VIC 3377
    </p>
    <p style="text-align:left;line-height:1.4;font-size:10pt;margin:0;">
        <br />
    </p>
    <p style="text-align:left;line-height:1.4;font-size:10pt;margin:0;">John is at sixes and sevens. &nbsp;&nbsp;He is very anxious and has a whole load of psychosomatic complaints. &nbsp;&nbsp;None of these are related to his actual prostate cancer.
    </p>
    <p style="text-align:left;line-height:1.4;font-size:10pt;margin:0;">
        <br />
    </p>
    <p style="text-align:left;line-height:1.4;font-size:10pt;margin:0;">His bone scan reveals some arthritis in his shoulders and an old rib fracture on the right. &nbsp;&nbsp;There is no evidence of metastatic disease. &nbsp;&nbsp;This is consistent with expectation from his pathology.
    </p>
    <p style="text-align:left;line-height:1.4;font-size:10pt;margin:0;">
        <br />
    </p>
    <p style="text-align:left;line-height:1.4;font-size:10pt;margin:0;">His options are watchful waiting or external beam radiotherapy. &nbsp;&nbsp;He is excluded from Brachy therapy because he has elements of Gleason 4 carcinoma. &nbsp;&nbsp;Surgery would not be a good option in him due to a significant CVA seven to eight years ago and this would put his risks of repeat up considerably.
    </p>
    <p style="text-align:left;line-height:1.4;font-size:10pt;margin:0;">
        <br />
    </p>
    <p style="text-align:left;line-height:1.4;font-size:10pt;margin:0;">He is due for review by you shortly and I would appreciate it if you could treat him in a general sense. &nbsp;&nbsp;I will catch-up with him for further discussion in two to three weeks time.
    </p>
    <p style="text-align:left;line-height:1.4;font-size:10pt;margin:0;">
        <br />
    </p>
    <p style="text-align:left;line-height:1.4;font-size:10pt;margin:0;">Kind regards
    </p>
    <p style="text-align:left;line-height:1.4;font-size:10pt;margin:0;">
        <br />
    </p>
    <p style="text-align:left;line-height:1.4;font-size:10pt;margin:0;">David Dodge
    </p>
 </div>