<div style="font-size:12pt;">
    <p style="margin:0;">Kartlägga hur 
        <strong>medarbetarna
        </strong>upplever sin hälsa, arbetsmiljö och livsstil.
    </p>
 </div>