<html>
    <body lang=EN-US link="#0563C1" vlink="#954F72">
        <div class=WordSection1>
            <span style='color:#7030A0'>Testing the smiley unicode 
            </span>
            <span style='font-family:"Segoe UI Emoji",sans-serif;color:#7030A0'>😊
            </span>
        </div>
    </body>
 </html>