<div style="font-size:12pt;font-family:&quot;Monotype Corsiva&quot;;">
    <p style="text-align:center;font-size:60pt;margin:0;">
        <strong>
            <em>Hello,
                <br />World!
            </em>
        </strong>
    </p>
 </div>