<div style="font-size:12pt;font-family:&quot;Nimbus Roman No9 L&quot;, serif;">
    <p style="margin:0;">Hello world.
    </p>
 </div>