<div style="font-size:12pt;font-family:Times;">
    <p style="margin:0;">Text before list
    </p>
    <ol style="padding-left:0;margin:0 0 0 48px;">
        <li>this is a list
        </li>
    </ol>
    <p style="text-indent:18px;margin:0 0 0 96px;">this should belong to the list above
    </p>
    <p style="text-indent:18px;margin:0 0 0 84px;">This should also belong to the list above
    </p>
    <p style="text-indent:18px;margin:0 0 0 54px;">
        <br />
    </p>
    <ol start="2" style="padding-left:0;margin:0 0 0 48px;">
        <li>This is a continuation (so should still be in same list).
        </li>
        <li>Third point
        </li>
    </ol>
 </div>