<div style="font-size:12pt;font-family:Helvetica;">
    <p style="text-align:justify;line-height:12px;font-size:9pt;margin:0;">This is a sample photo cutline.
    </p>
    <p style="text-align:right;line-height:9.3px;font-size:7pt;margin:0;">
        <strong>Joe Collins THE LOCAL GAZETTE
        </strong>
    </p>
    <p style="text-align:justify;text-indent:13.3px;line-height:16.7px;font-size:12.5pt;margin:0;">
        <strong>Lorems
        </strong>
    </p>
    <p style="text-align:justify;text-indent:13.3px;line-height:16.7px;font-family:Times;font-size:10pt;margin:0;">As an excuse for italics, 
        <em>The Local Gazette
        </em> will appear in this sentence.
    </p>
    <p style="font-family:Times;font-size:10pt;text-align:justify;text-indent:13.3px;line-height:13.3px;margin:0;">This text.
    </p>
    <p style="font-family:Times;font-size:10pt;text-align:justify;text-indent:13.3px;line-height:16.7px;margin:0;">Nineteen catfish downtown.
    </p>
    <p style="font-family:Times;font-size:10pt;text-align:justify;text-indent:13.3px;line-height:16.7px;margin:0;">
        <br />
    </p>
 </div>