<div style="font-size:12pt;font-family:Times;">
    <div>
        <p style="margin:0;">Text before headers.
        </p>
        <p style="margin:0;">
            <br />
        </p>
        <h1 style="font-family:Helvetica;font-size:16pt;margin:16px 0 4px 0;">Heading one
        </h1>
        <p style="margin:0;">
            <br />
        </p>
        <p style="margin:0;">Text before section break. 
        </p>
        <p style="margin:0;">
            <br />
        </p>
        <p style="margin:0;">
            <br />
        </p>
    </div>
    <div style="page-break-before:always;">
        <h2 style="font-family:Helvetica;font-size:14pt;margin:16px 0 4px 0;">
            <em>Heading two
            </em>
        </h2>
        <p style="margin:0;">Text
        </p>
    </div>
 </div>