<div style="font-size:12pt;font-family:&quot;Courier New&quot;;">
    <p style="font-family:Times;margin:0;">Before list
    </p>
    <ul style="font-family:Times;padding-left:0;margin:0 0 0 48px;">
        <li>First item
        </li>
        <li>Second item
        </li>
        <li>Third item
        </li>
    </ul>
    <p style="font-family:Times;margin:0;">After list
    </p>
 </div>