<div style="font-size:12pt;font-family:Times;">
    <p style="margin:0;">
        <span style="text-transform:uppercase;">Caps 
        </span>non-caps
        <span style="text-transform:uppercase;"> Caps 
        </span>non-caps 
    </p>
    <p style="margin:0;">
        <br />
    </p>
    <p style="margin:0;">
        <br />
    </p>
    <p style="text-transform:uppercase;margin:0;">Caps Caps Caps 
        <span style="text-transform:none;">non-caps
        </span>
    </p>
 </div>