<div style="font-size:12pt;font-family:&quot;Times New Roman&quot;;">
    <table style="font-size:10pt;border-spacing:0;box-sizing:border-box;">
        <colgroup>
            <col style="width:37.7px;" />
            <col style="width:529.2px;" />
        </colgroup>
        <tr style="text-align:left;">
            <td style="vertical-align:top;padding:0;">&nbsp;
            </td>
            <td style="vertical-align:top;padding:4px 0 10.7px 0;">
                <span style="font-size:14pt;font-family:Arial;">Testing paragraphs in table cells.
                </span>
            </td>
        </tr>
        <tr style="text-align:right;">
            <td style="text-align:left;vertical-align:top;padding:4px 0 10.7px 0;">&nbsp;
            </td>
            <td style="vertical-align:top;padding:4px 0 10.7px 0;">
                <p style="text-align:left;background:#000000;font-size:3pt;margin:16px 340.2px 10.7px 0;">
                    <br />
                </p>
                <p style="text-align:left;margin:4px 0 10.7px 0;">
                    <span style="font-size:12pt;font-family:Arial;">Various paragraphs
                    </span>
                </p>
                <p style="text-align:center;line-height:32px;background:#99CCFF;margin:4px 0 10.7px 378px;">
                    <span style="font-size:8pt;font-family:Verdana;">Alignment: center
                        <br />Indent Left: 10
                        <br />BackColor: #99ccff
                    </span>
                </p>
                <p style="text-align:left;margin:4px 0 10.7px 0;">
                    <br />
                </p>
                <p style="background:#FFCC99;border:1px solid #FF0000;margin:4px 189px 10.7px 189px;">
                    <span style="font-size:8pt;font-family:Verdana;">Alignment: right
                        <br />Indent Left: 5
                        <br />Indent Right: 10
                        <br />BackColor: #ffcc99
                        <br />Border: red
                    </span>
                </p>
            </td>
        </tr>
    </table>
 </div>