<div style="font-size:12pt;font-family:Verdana, sans-serif;">
    <p style="font-size:18pt;margin:0;">Hellou RTF World
    </p>
    <p style="font-family:Arial, sans-serif;margin:0;">
        <br />
    </p>
    <p style="font-family:Arial, sans-serif;margin:0;">with some symbols: "
        <em>
            <mark style="color:#FF0000;background:#0000FF;">
                <span style="font-family:Symbol, serif;">abc
                </span>
            </mark>
        </em>"
    </p>
    <p style="font-family:Arial, sans-serif;margin:0;">
        <br />
    </p>
    <p style="font-family:Arial, sans-serif;margin:0;">and some 
        <strong>bold
        </strong>, 
        <em>italic
        </em>, 
        <u>underlined
        </u> and 
        <s>strikethrough
        </s> text
    </p>
    <p style="font-family:Arial, sans-serif;margin:0;">
        <br />
    </p>
    <p style="font-family:Arial, sans-serif;margin:0;">some nested styles: 
        <strong style="color:#FF0000;">bold
        </strong>, 
        <em style="color:#00FF00;">italic
        </em>, 
        <u style="color:#0000FF;">underlined
        </u>, normal
    </p>
    <p style="font-family:Arial, sans-serif;margin:0;">
        <br />
    </p>
    <p style="font-family:Arial, sans-serif;margin:0;">some combined styles: 
        <strong>bold+
        </strong>
        <strong>
            <em>italic+
            </em>
        </strong>
        <strong>
            <em>
                <u>underlined
                </u>
            </em>
        </strong> vs. normal
    </p>
    <p style="font-family:Arial, sans-serif;margin:0;">
        <br />
    </p>
    <p style="font-family:Arial, sans-serif;margin:0;">and further: 
        <strong>bold, 
        </strong>
        <strong>
            <em>bold+italic
            </em>
        </strong>
        <strong>, 
        </strong>
        <strong>
            <u>bold+underlined
            </u>
        </strong>
        <span style="font-family:Verdana, sans-serif;">, normal
        </span>
    </p>
    <p style="font-family:Arial, sans-serif;margin:0;">
        <br />
    </p>
    <p style="font-family:Arial, sans-serif;margin:0;">different ways: [A] == [A] == [A] == [A]
    </p>
    <p style="font-family:Arial, sans-serif;margin:0;">more unicode: Unicode: [Γ] - ANSI-fallback: [G]
    </p>
    <p style="font-family:Arial, sans-serif;margin:0;">same but different: "[Γ]"
    </p>
    <p style="font-family:Arial, sans-serif;margin:0;">
        <br />
    </p>
    <p style="font-family:Arial, sans-serif;margin:0;">something to ignore: 
        <strong>visible
        </strong>.
    </p>
 </div>