<div style="font-size:12pt;font-family:&quot;Times New Roman&quot;, serif;">
    <ol style="text-align:left;line-height:1.3;font-family:Calibri, sans-serif;font-size:11pt;padding-left:0;margin:0 0 0 48px;">
        <li>Level 1
        </li>
        <li>Level 1
            <ol type="a" style="padding-left:0;margin:0 0 0 48px;">
                <li>Level 2
                </li>
                <li>Level 2
                </li>
            </ol>
        </li>
        <li>Level 1
            <ol type="a" style="padding-left:0;margin:0 0 0 48px;">
                <li>Level 2
                    <ol type="i" style="padding-left:0;margin:0 0 0 48px;">
                        <li>Level 3
                        </li>
                        <li>Level 3
                        </li>
                    </ol>
                </li>
            </ol>
        </li>
        <li>Level 1
            <ol type="a" style="padding-left:0;margin:0 0 0 48px;">
                <li>Level 2
                    <ol type="i" style="padding-left:0;margin:0 0 0 48px;">
                        <li>Level 3
                        </li>
                        <li>Level 3
                        </li>
                    </ol>
                </li>
                <li style="margin:0 0 10.7px 0;">Level 2
                </li>
            </ol>
        </li>
    </ol>
 </div>