<div style="font-size:12pt;">
    <p style="margin:0;">foobar
    </p>
 </div>