<div style="font-size:12pt;font-family:Arial;">
    <p style="margin:0;">
        <span style="font-size:5pt;">&nbsp;
        </span>
    </p>
    <table style="border-spacing:0;font-size:inherit;box-sizing:border-box;">
        <colgroup>
            <col style="width:714px;" />
        </colgroup>
        <tr style="text-align:center;">
            <td style="font-size:10pt;background:#DCDCDC;border:1px solid #808080;padding:5.3px 4.7px;">
                <strong>Approval
                </strong>
            </td>
        </tr>
        <tr>
            <td style="font-size:8pt;background:#FFFFFF;vertical-align:top;border-right:1px solid #808080;border-left:1px solid #808080;padding:0 3.7px;">
                <strong>Some text here.
                </strong>
            </td>
        </tr>
        <tr>
            <td style="font-size:8pt;background:#FFFFFF;vertical-align:top;border-right:1px solid #808080;border-left:1px solid #808080;padding:0 4.7px;">&nbsp;· List item one.
            </td>
        </tr>
        <tr>
            <td style="font-size:8pt;background:#FFFFFF;vertical-align:top;border-right:1px solid #808080;border-left:1px solid #808080;padding:0 4.7px;">&nbsp;· List item two.
            </td>
        </tr>
        <tr>
            <td style="font-size:8pt;background:#FFFFFF;vertical-align:top;border-right:1px solid #808080;border-left:1px solid #808080;padding:0 4.7px;">&nbsp;· List item three.
            </td>
        </tr>
        <tr>
            <td style="font-size:8pt;vertical-align:bottom;background:#FFFFFF;border-right:1px solid #808080;border-left:1px solid #808080;padding:5.3px 4.7px;">
                <strong>Notes:&nbsp;&nbsp;
                </strong>
            </td>
        </tr>
        <tr>
            <td style="background:#FFFFFF;vertical-align:top;border-right:1px solid #808080;border-left:1px solid #808080;padding:0;">
                <table style="border-spacing:0;font-size:inherit;box-sizing:border-box;margin:0 0 0 0.7px;">
                    <colgroup>
                        <col style="width:119.7px;" />
                        <col style="width:118px;" />
                        <col style="width:474px;" />
                    </colgroup>
                    <thead>
                        <tr>
                            <th style="font-size:8pt;background:#DCDCDC;text-align:left;border-top:1px solid #777777;border-right:1px solid #777777;border-bottom:1px solid #777777;padding:0 4.7px 0 4px;">Comment Date
                            </th>
                            <th style="font-size:8pt;background:#DCDCDC;text-align:left;border:1px solid #777777;padding:0 4.7px;">Comment By
                            </th>
                            <th style="font-size:8pt;background:#DCDCDC;text-align:left;border-top:1px solid #777777;border-bottom:1px solid #777777;border-left:1px solid #777777;padding:0 4px 0 4.7px;">Approval Workflow Comments
                            </th>
                        </tr>
                    </thead>
                    <tbody>
                        <tr>
                            <td style="font-size:8pt;background:#FFFFFF;vertical-align:top;border-top:1px solid #777777;border-right:1px solid #777777;border-bottom:1px solid #777777;padding:0 4.7px 0 4px;">07/13/2018
                            </td>
                            <td style="font-size:8pt;background:#FFFFFF;vertical-align:top;border:1px solid #777777;padding:0 4.7px;">John Doe
                            </td>
                            <td style="font-size:8pt;background:#FFFFFF;vertical-align:top;border-top:1px solid #777777;border-bottom:1px solid #777777;border-left:1px solid #777777;padding:0 4px 0 4.7px;">&nbsp;
                            </td>
                        </tr>
                    </tbody>
                </table>
            </td>
        </tr>
    </table>
 </div>