<div style="font-size:12pt;font-family:Times;">
    <p style="margin:0;">***BRACES AND BACKSLASHES***
    </p>
    <p style="margin:0;">:{this text is between brackets}:
    </p>
    <p style="margin:0;">:{\this text emulates a rtf grouping. It starts with a open bracket, then a back slash, and ends with a closed bracket.}:
    </p>
    <p style="margin:0;">:\text has a backslash before it:
    </p>
    <p style="margin:0;">:\\text has two backslashes before it:
    </p>
    <p style="margin:0;">:\tab text has a bogus tab character—a backslash followed by the word tab: This text should be represented literally, instead of being converted to Unicode.
    </p>
    <p style="margin:0;">:\rquote text has a bogus rquote character—a backslash followed by the word rquote. This text should be represented literally, instead of being translated to Unicode.
    </p>
    <p style="margin:0;">:\lquote text has a bogus lquote character—a backslash followed by the word lquote. This text should be represented literally instead of being converted to Unicode.:
    </p>
    <p style="margin:0;">:\ldblquote text has a bogus ldblquote sequence. This text should be represented literally instead of being converted to Unicode.
    </p>
    <p style="margin:0;">:\rdblquote text has a bogus rdblquote sequence. This text should be represented literally instead of being converted to Unicode.
    </p>
    <p style="margin:0;">
        <br />
    </p>
 </div>