<HTML>
    <head>
        <style>
            <!--
              /* Style Definitions */
              p.MsoNormal, li.MsoNormal {font-family:Arial;}
            -->
            </style>
        	
            <!-- This is a HTML comment.
            There is a horizontal tab (%x09) character before the comment, 
            and some new lines inside the comment. -->
            </head>
            <body>
                <p
                class="MsoNormal">Note the line break inside a P tag. 
                    <b>This is a bold text
                    </b> 
                </p>
                <p class="MsoNormal">
                This is a normal text with a character references:&nbsp; &lt; &uml;
                    <br>
                    characters which have special meaning in RTF: {}\
                        <br>
                        </p>
                        <ol>
                            
                            <li class="MsoNormal">This is a list item
                            </ol>
                        </body>
                    </HTML>