<div style="font-size:12pt;font-family:Times;">
    <p style="margin:0;">Text before headers.
    </p>
    <p style="margin:0;">
        <br />
    </p>
    <h1 style="font-family:Helvetica;font-size:16pt;margin:16px 0 4px 0;">Heading one
    </h1>
    <p style="margin:0;">
        <br />
    </p>
    <p style="margin:0;">Text.
    </p>
    <p style="margin:0;">
        <br />
    </p>
    <h2 style="font-family:Helvetica;font-size:14pt;margin:16px 0 4px 0;">
        <em>Heading two.
        </em>
    </h2>
    <p style="margin:0;">
        <br />
    </p>
    <p style="margin:0;">Text
    </p>
    <p style="margin:0;">
        <br />
    </p>
    <h3 style="font-family:Helvetica;font-size:13pt;margin:16px 0 4px 0;">Heading three
    </h3>
    <p style="margin:0;">Text
    </p>
    <p style="margin:0;">
        <br />
    </p>
    <h5 style="font-size:13pt;margin:16px 0 4px 0;">
        <em>Heading five
        </em>
    </h5>
    <p style="margin:0;">Text
    </p>
    <p style="margin:0;">
        <br />
    </p>
    <h2 style="font-family:Helvetica;font-size:14pt;margin:16px 0 4px 0;">
        <em>Heading two
        </em>
    </h2>
    <p style="margin:0;">Text
    </p>
    <h3 style="font-family:Helvetica;font-size:13pt;margin:16px 0 4px 0;">Heading three
    </h3>
    <p style="margin:0;">Text
    </p>
 </div>