<div style="font-size:12pt;">
    <p style="margin:0;">hello world
    </p>
 </div>