<div style="font-size:12pt;font-family:&quot;Times New Roman&quot;;">
    <table style="font-size:10pt;border-spacing:0;box-sizing:border-box;">
        <colgroup>
            <col style="width:189px;" />
            <col style="width:189px;" />
        </colgroup>
        <tr style="height:37.8px;text-align:left;">
            <td style="vertical-align:top;padding:0;">
                <p style="margin:0;">Before nested table
                </p>
                <table style="border-spacing:0;font-size:inherit;box-sizing:border-box;">
                    <colgroup>
                        <col style="width:151.1px;" />
                    </colgroup>
                    <tr style="text-align:left;height:37.8px;">
                        <td style="vertical-align:top;padding:0;">
                            <p style="margin:0;">Before double nested table
                                <br />&nbsp;
                            </p>
                            <table style="border-spacing:0;font-size:inherit;box-sizing:border-box;">
                                <colgroup>
                                    <col style="width:75.5px;" />
                                    <col style="width:75.5px;" />
                                </colgroup>
                                <tr style="text-align:left;height:37.8px;">
                                    <td style="text-align:right;background:#AA3333;vertical-align:top;padding:0;">
                                        <p style="margin:0;">Before three times nested table
                                        </p>
                                        <table style="border-spacing:0;font-size:inherit;box-sizing:border-box;">
                                            <colgroup>
                                                <col style="width:75.5px;" />
                                            </colgroup>
                                            <tr style="text-align:left;height:37.8px;">
                                                <td style="vertical-align:top;padding:0;">three times nested table I
                                                </td>
                                            </tr>
                                        </table>
                                        <p style="margin:0;">text between nested tables
                                        </p>
                                        <table style="border-spacing:0;font-size:inherit;box-sizing:border-box;">
                                            <colgroup>
                                                <col style="width:75.5px;" />
                                            </colgroup>
                                            <tr style="text-align:left;height:37.8px;">
                                                <td style="vertical-align:top;padding:0;">three times nested table II
                                                </td>
                                            </tr>
                                        </table>
                                        <p style="margin:0;">double nested cell 1:1
                                        </p>
                                    </td>
                                    <td style="vertical-align:top;padding:0;">double nested cell 1:2
                                    </td>
                                </tr>
                                <tr style="text-align:left;height:37.8px;">
                                    <td style="vertical-align:top;padding:0;">double nested cell 2:1
                                    </td>
                                    <td style="vertical-align:top;padding:0;">double nested cell 2:2
                                    </td>
                                </tr>
                            </table>
                            <p style="margin:0;">nested cell
                            </p>
                        </td>
                    </tr>
                </table>
                <p style="margin:0;">default cell I
                </p>
            </td>
            <td style="vertical-align:top;padding:0;">default cell II
            </td>
        </tr>
    </table>
 </div>