<div style="font-size:12pt;font-family:Times;">
    <p style="margin:0;">Ä:00C4
    </p>
    <p style="margin:0;">Å:00C5
    </p>
    <p style="margin:0;">Ç:00C7
    </p>
    <p style="margin:0;">É:00C9
    </p>
    <p style="margin:0;">Ñ:00D1
    </p>
    <p style="margin:0;">Ö::00D6
    </p>
    <p style="margin:0;">Ü:00DC
    </p>
    <p style="margin:0;">á:00E1
    </p>
    <p style="margin:0;">à:00E0
    </p>
    <p style="margin:0;">â:00E2
    </p>
    <p style="margin:0;">ä:00E4
    </p>
    <p style="margin:0;">ã:00E3
    </p>
    <p style="margin:0;">å:00E5
    </p>
    <p style="margin:0;">ç:00E7
    </p>
    <p style="margin:0;">é:00E9
    </p>
    <p style="margin:0;">è:00E8
    </p>
    <p style="margin:0;">ê:00EA
    </p>
    <p style="margin:0;">ë:00EB
    </p>
    <p style="margin:0;">í:00ED
    </p>
    <p style="margin:0;">ì:00EC
    </p>
    <p style="margin:0;">î:00EE
    </p>
    <p style="margin:0;">ï:00EF
    </p>
    <p style="margin:0;">ñ:00F1
    </p>
    <p style="margin:0;">ó:00F3
    </p>
    <p style="margin:0;">ò:00F2
    </p>
    <p style="margin:0;">ô:00F4
    </p>
    <p style="margin:0;">ö:00F6
    </p>
    <p style="margin:0;">õ:00F5
    </p>
    <p style="margin:0;">ú:00FA
    </p>
    <p style="margin:0;">ù:00F9
    </p>
    <p style="margin:0;">û:00FB
    </p>
    <p style="margin:0;">ü:00FC
    </p>
    <p style="margin:0;">†:2020
    </p>
    <p style="margin:0;">°:00B0
    </p>
    <p style="margin:0;">¢:00A2
    </p>
    <p style="margin:0;">£:00A3
    </p>
    <p style="margin:0;">§:00A7
    </p>
    <p style="margin:0;">ß:00DF
    </p>
    <p style="margin:0;">´:00B4
    </p>
    <p style="margin:0;">»:00BB
    </p>
    <p style="margin:0;">À:00C0
    </p>
    <p style="margin:0;">Ã:00C3
    </p>
    <p style="margin:0;">Õ:00D5
    </p>
    <p style="margin:0;">Œ:00152
    </p>
    <p style="margin:0;">◊:25CA
    </p>
    <p style="margin:0;">÷:00F7
    </p>
    <p style="margin:0;">ÿ:00FF
    </p>
    <p style="margin:0;">Ÿ:0178
    </p>
    <p style="margin:0;">⁄:2044
    </p>
    <p style="margin:0;">€:20AC
    </p>
    <p style="margin:0;">‹:2039
    </p>
    <p style="margin:0;">›:203A
    </p>
    <p style="margin:0;">ﬁ no unicode
    </p>
    <p style="margin:0;">ﬂ no unicode
    </p>
    <p style="margin:0;">‡::2021
    </p>
    <p style="margin:0;">·:00B7
    </p>
    <p style="margin:0;">‚:201A
    </p>
    <p style="margin:0;">„:201E
    </p>
    <p style="margin:0;">‰:2030
    </p>
    <p style="margin:0;">Â:00C2
    </p>
    <p style="margin:0;">Ê:00CA
    </p>
    <p style="margin:0;">Á:00C1
    </p>
    <p style="margin:0;">Ë:00CB
    </p>
    <p style="margin:0;">È:00C8
    </p>
    <p style="margin:0;">Í:00CD
    </p>
    <p style="margin:0;">Î:00CE
    </p>
    <p style="margin:0;">Ï:00CF
    </p>
    <p style="margin:0;">Ì:00CC
    </p>
    <p style="margin:0;">Ó:00D3
    </p>
    <p style="margin:0;">Ô:00D4
    </p>
    <p style="margin:0;">Ò:00D2
    </p>
    <p style="margin:0;">Ú:00DA
    </p>
    <p style="margin:0;">Û:00DB
    </p>
    <p style="margin:0;">Ù:00D9
    </p>
    <p style="margin:0;">ı:0131
    </p>
    <p style="margin:0;">ˆ:02C6
    </p>
    <p style="margin:0;">¯:00AF
    </p>
    <p style="margin:0;">˘:0D28
    </p>
    <p style="margin:0;">˙:0D29
    </p>
    <p style="margin:0;">˚:0D2A
    </p>
    <p style="margin:0;">¸:00B8
    </p>
    <p style="margin:0;">˝:02DD
    </p>
    <p style="margin:0;">ˇ:02C7
    </p>
 </div>