<div style="font-size:12pt;">
    <p style="text-align:left;margin:0;">
        <span style="font-family:Calibri;">&lt;p&gt;&lt;span style="color:#404040;font-family:calibri;font-size:12pt;"&gt;On d&amp;#233;termine la couverture de votre objectif de revenu d&amp;#8217;invalidit&amp;#233; en analysant dans quelle mesure vos rentr&amp;#233;es de fonds couvrent vos sorties de fonds dans l'&amp;#233;ventualit&amp;#233; d&amp;#8217;une invalidit&amp;#233;. La couverture actuelle de votre objectif est de &lt;/span&gt;&lt;strong&gt;&lt;span style="color:#3265a4;font-family:calibri;font-size:12pt;"&gt;79 %&lt;/span&gt;&lt;/strong&gt;&lt;span style="color:#404040;font-family:calibri;font-size:12pt;"&gt;. Votre besoin en revenu d'invalidit&amp;#233; est de &lt;/span&gt;&lt;strong&gt;&lt;span style="color:#3265a4;font-family:calibri;font-size:12pt;"&gt;3&nbsp;320&nbsp;853 $&lt;/span&gt;&lt;/strong&gt;&lt;span style="color:#404040;font-family:calibri;font-size:12pt;"&gt; au cours de la p&amp;#233;riode d'invalidit&amp;#233; projet&amp;#233;e de &lt;/span&gt;&lt;strong&gt;&lt;span style="color:#3265a4;font-family:calibri;font-size:12pt;"&gt;192&lt;/span&gt;&lt;/strong&gt;&lt;span style="color:#404040;font-family:calibri;font-size:12pt;"&gt; mois. Ce besoin inclut toutes les d&amp;#233;penses mensuelles n&amp;#233;cessaires comme la nourriture, les v&amp;#234;tements et le logement. French blah.&lt;/span&gt;&lt;/p&gt;
        </span>
    </p>
 </div>