<div style="font-size:12pt;font-family:Times;">
    <p style="margin:0;">MIX UP BOLD, ITALICS AND OTHER CHARACTHER FORMATS
    </p>
    <p style="margin:0;">
        <br />
    </p>
    <p style="margin:0;">Start with normal text. :
        <em>italics
        </em>: normal :
        <em>italics: :
        </em>
        <strong>
            <em>bold
            </em>
        </strong> :: 
        <em>italics
        </em>: normal :
        <u>underlined all of this text: :
        </u>
        <strong>
            <u>bold
            </u>
        </strong>
        <u>: :
        </u>
        <em>
            <u>italics: : 
            </u>
        </em>
        <em>temporarily turn off underline but keep italics: 
        </em>
        <u> : underline on. End.
        </u>
    </p>
    <p style="margin:0;">
        <br />
    </p>
    <p style="margin:0;">
        <em>This paragraph is an italics paragraph. :
        </em>italics off
        <em>: :
        </em>
        <strong>bold on
        </strong>
        <em>: End paragraph.
        </em>
    </p>
    <p style="margin:0;">
        <strong>
            <em>
                <u>This paragraph has bold, italics, and underline as its defined style.
                </u>
            </em>
        </strong>
    </p>
    <p style="margin:0;">
        <br />
    </p>
    <p style="margin:0;">
        <strong>
            <em>
                <u>This paragraph also has bold, italics and underline. 
                </u>
            </em>
        </strong>
        <strong>
            <u>Italics off.
            </u>
        </strong>
        <strong>
            <em>
                <u> Default. 
                </u>
            </em>
        </strong>
        <u>Bold and italics off.
        </u>
        <strong>
            <em>
                <u> Default. 
                </u>
            </em>
        </strong>Bold, italics, and underlined off.
        <strong>
            <em>
                <u> Default. 
                </u>
            </em>
        </strong>
        <strong>
            <em>
                <u>
                    <s>Add strikethrough. 
                    </s>
                </u>
            </em>
        </strong>
        <em>
            <u>
                <s>Keep strikethrough but turn bold off.
                </s>
            </u>
        </em>
        <strong>
            <em>
                <u>
                    <s> Turn bold back on. (Default except for strikethrough.) 
                    </s>
                </u>
            </em>
        </strong>
        <em>
            <s>Now turn bold and underlined off.
            </s>
        </em>
        <strong>
            <em>
                <u> Now default.
                </u>
            </em>
        </strong>
    </p>
    <p style="margin:0;">
        <br />
    </p>
    <p style="margin:0;">
        <strong>
            <em>This paragraph has bold and italics as its defined style.
            </em>
        </strong>
    </p>
    <p style="margin:0;">
        <strong>
            <em>Default. 
            </em>
        </strong>
        <em>Turn bold off.
        </em>
        <strong>
            <em> Default. 
            </em>
        </strong>
        <strong>Now turn italics off.
        </strong>
        <strong>
            <em> Default. 
            </em>
        </strong>
        <em>Now turn bold off.
        </em>
        <strong>
            <em> Default. 
            </em>
        </strong>Turn bold and italics off.
        <strong>
            <em> Default. 
            </em>
        </strong>
        <strong>
            <u>Now turn italics off, but add underlined.
            </u>
        </strong>
        <strong>
            <em> Default. 
            </em>
        </strong>
    </p>
    <p style="margin:0;">
        <br />
    </p>
    <p style="margin:0;">
        <u style="text-decoration-style:wavy;">This paragraph has wavy underlined defined as its style. 
        </u>Now off
        <sup>
            <a style="color:#000000;text-decoration:none;" href="#footnote01">1
            </a>
        </sup>
        <u style="text-decoration-style:wavy;">. On. 
        </u>
        <strong>
            <u style="text-decoration-style:wavy;">Add bold
            </u>
        </strong>
        <strong>
            <em>
                <u style="text-decoration-style:wavy;">. Add italics. 
                </u>
            </em>
        </strong>
        <strong>
            <em>Turn wavy off, but keep bold and italics.
            </em>
        </strong>
        <strong>
            <em>
                <u style="text-decoration-style:wavy;"> 
                </u>
            </em>
        </strong>
        <em>
            <u style="text-decoration-style:wavy;">Turn bold off.
            </u>
        </em>
        <u style="text-decoration-style:wavy;"> 
        </u>Turn wavy off.
        <u style="text-decoration-style:wavy;"> Default. 
        </u>
    </p>
    <p style="margin:0;">Normal paragraph again. :
        <span style="text-shadow:1px 1px 1px #CCC;">shadow
        </span>: :
        <span style="text-shadow:-1px -1px 0 #000, 1px -1px 0 #000, -1px 1px 0 #000, 1px 1px 0 #000;color:#fff;">outline
        </span>: :
        <span style="font-size:10pt;">font size=10
        </span>: :
        <span style="font-size:24pt;">font size=24
        </span>:
    </p>
    <p style="margin:0;">:
        <s>strikethrough
        </s>: :
        <s style="text-decoration-style:double;">double strikethrough
        </s>: :
        <span style="text-shadow:-1px -1px 1px #999, 1px 1px 1px #000;color:#FFFFFF;">emboss
        </span>: :
        <span style="text-shadow:-1px -1px 1px #000, 1px 1px 1px #999;color:#FFFFFF;">engrave
        </span>: :::
        <span style="text-transform:uppercase;">all caps
        </span>: :
        <span style="font-variant:small-caps;">small caps
        </span>: :
        <sup style="top:-2.7px;position:relative;">superscript by 2 points
        </sup>: :
        <span style="top:2.7px;position:relative;">subscript by 2 points
        </span>: :
    </p>
    <p style="margin:0;">
        <br />
    </p>
    <p style="margin:0;">DIFFERENT UNDERLINED STYLES:
    </p>
    <p style="margin:0;">
        <u style="text-decoration-skip:spaces;">Text that is underlined. Words only.
        </u>
    </p>
    <p style="margin:0;">
        <u>Text that is underlined. Single line.
        </u>
    </p>
    <p style="margin:0;">
        <u style="text-decoration-style:double;">Text that is underlined. Double line.
        </u>
    </p>
    <p style="margin:0;">
        <u>Text that is underlined. Thick line.
        </u>
    </p>
    <p style="margin:0;">
        <u style="text-decoration-style:dotted;">Text that is underlined. Dotted.
        </u>
    </p>
    <p style="margin:0;">
        <u style="text-decoration-style:dotted;">Text that is underlined. Heavy dotted.
        </u>
    </p>
    <p style="margin:0;">
        <u style="text-decoration-style:dashed;">Text that is underlined. Dashed.
        </u>
    </p>
    <p style="margin:0;">
        <u style="text-decoration-style:dashed;">Text that is underlined. Heavy dashed.
        </u>
    </p>
    <p style="margin:0;">
        <u style="text-decoration-style:dashed;">Text that is underlined. Long dashed.
        </u>
    </p>
    <p style="margin:0;">
        <u style="text-decoration-style:dashed;">Text that is underlined. Long dashed bold.
        </u>
    </p>
    <p style="margin:0;">
        <u style="text-decoration-style:dashed;">Text that is underlined. Morse code.
        </u>
    </p>
    <p style="margin:0;">
        <u style="text-decoration-style:dashed;">Text that is underlined. Morse code bold.
        </u>
    </p>
    <p style="margin:0;">
        <u style="text-decoration-style:dotted;">Text that is underlined. Morse code two.
        </u>
    </p>
    <p style="margin:0;">
        <u style="text-decoration-style:dotted;">Text that is underlined. Morse code two bold.
        </u>
    </p>
    <p style="margin:0;">
        <u style="text-decoration-style:wavy;">Text that is underlined. Wavy.
        </u>
    </p>
    <p style="margin:0;">
        <u style="text-decoration-style:wavy;">Text that is underlined. Wavy bold.
        </u>
    </p>
    <p style="margin:0;">
        <u style="text-decoration-style:wavy;">Text that is underlined. Wavy double.
        </u>
    </p>
    <p style="margin:0;">
        <br />
    </p>
    <p style="margin:0;">
        <br />
    </p>
    <p style="margin:0;">
        <br />
    </p>
    <p style="margin:0;">
        <br />
    </p>
    <hr style="width:2in;border:0.5px solid black;margin-left:0" />
    <p style="font-size:10pt;margin:0;">
        <a id="footnote01">
        </a>
        <sup>1 
        </sup>
        <em> Text at bottom. 
        </em>
    </p>
    <p style="font-size:10pt;margin:0;">
        <em>Second paragraph of fourth footnote. :
        </em>italics off
        <em>: Back on. 
        </em>Off
        <em>. On. 
        </em>
    </p>
 </div>