<div style="font-size:12pt;font-family:Times;">
    <p style="margin:0;">2 X 2 Table
    </p>
    <table style="border-spacing:0;font-size:inherit;box-sizing:border-box;margin:0 0 0 -7.2px;">
        <colgroup>
            <col style="width:295.2px;" />
            <col style="width:295.2px;" />
        </colgroup>
        <tr>
            <td style="vertical-align:top;border:1px solid;padding:0 7.2px;">Cell one
            </td>
            <td style="vertical-align:top;border:1px solid;padding:0 7.2px;">Cell two
            </td>
        </tr>
        <tr>
            <td style="vertical-align:top;border:1px solid;padding:0 7.2px;">Cell three
            </td>
            <td style="vertical-align:top;border:1px solid;padding:0 7.2px;">Cell four
            </td>
        </tr>
    </table>
    <p style="margin:0;">
        <br />
    </p>
 </div>