<div style="font-size:12pt;font-family:&quot;Times New Roman&quot;;">
    <p style="margin:0;">
        <span style="font-size:16pt;">Hello world
        </span> in 
        <strong style="font-family:&quot;Courier New&quot;;font-size:16pt;">{RTF}
        </strong>…
    </p>
    <p style="margin:0;">
        <br />
    </p>
 </div>