<div style="font-size:12pt;">
    <p style="margin:0;">Below are the border types
        <br />&nbsp;
    </p>
    <table style="border-spacing:0;font-size:inherit;box-sizing:border-box;">
        <colgroup>
            <col style="width:333.3px;" />
        </colgroup>
        <tr>
            <td style="vertical-align:top;border:1px solid;padding:0 9.6px;">Single border
            </td>
        </tr>
    </table>
    <p style="margin:0;">
        <br />
    </p>
    <table style="border-spacing:0;font-size:inherit;box-sizing:border-box;">
        <colgroup>
            <col style="width:333.3px;" />
        </colgroup>
        <tr>
            <td style="vertical-align:top;border:1px dotted;padding:0 9.6px;">Dotted border
            </td>
        </tr>
    </table>
    <p style="margin:0;">
        <br />
    </p>
    <table style="border-spacing:0;font-size:inherit;box-sizing:border-box;">
        <colgroup>
            <col style="width:333.3px;" />
        </colgroup>
        <tr>
            <td style="vertical-align:top;border:3px double;padding:0 9.6px;">Double thickness border
            </td>
        </tr>
    </table>
    <p style="margin:0;">
        <br />
    </p>
    <table style="border-spacing:0;font-size:inherit;box-sizing:border-box;">
        <colgroup>
            <col style="width:333.3px;" />
        </colgroup>
        <tr>
            <td style="vertical-align:top;border:1px dashed;padding:0 9.6px;">Dashed border
            </td>
        </tr>
    </table>
    <p style="margin:0;">
        <br />
    </p>
    <table style="border-spacing:0;font-size:inherit;box-sizing:border-box;">
        <colgroup>
            <col style="width:333.3px;" />
        </colgroup>
        <tr>
            <td style="vertical-align:top;border:1px dashed;padding:0 9.6px;">Small dashed border
            </td>
        </tr>
    </table>
    <p style="margin:0;">
        <br />
    </p>
    <table style="border-spacing:0;font-size:inherit;box-sizing:border-box;">
        <colgroup>
            <col style="width:333.3px;" />
        </colgroup>
        <tr>
            <td style="vertical-align:top;border:1px dashed;padding:0 9.6px;">Dot dash border
            </td>
        </tr>
    </table>
    <p style="margin:0;">
        <br />
    </p>
    <table style="border-spacing:0;font-size:inherit;box-sizing:border-box;">
        <colgroup>
            <col style="width:333.3px;" />
        </colgroup>
        <tr>
            <td style="vertical-align:top;border:1px dotted;padding:0 9.6px;">Dot dot dash border
            </td>
        </tr>
    </table>
    <p style="margin:0;">
        <br />
    </p>
    <table style="border-spacing:0;font-size:inherit;box-sizing:border-box;">
        <colgroup>
            <col style="width:333.3px;" />
        </colgroup>
        <tr>
            <td style="vertical-align:top;border:3px double;padding:0 9.6px;">Triple border
            </td>
        </tr>
    </table>
    <p style="margin:0;">
        <br />
    </p>
    <table style="border-spacing:0;font-size:inherit;box-sizing:border-box;">
        <colgroup>
            <col style="width:333.3px;" />
        </colgroup>
        <tr>
            <td style="vertical-align:top;border-top:3px double;border-right:3px double;border-bottom:3px double;border-left:3px double;padding:0 9.6px;">Thick thin border (large)
            </td>
        </tr>
    </table>
    <p style="margin:0;">
        <br />
    </p>
    <table style="border-spacing:0;font-size:inherit;box-sizing:border-box;">
        <colgroup>
            <col style="width:333.3px;" />
        </colgroup>
        <tr>
            <td style="vertical-align:top;border-top:3px double;border-right:3px double;border-bottom:3px double;border-left:3px double;padding:0 9.6px;">Thin thick border (large)
            </td>
        </tr>
    </table>
    <p style="margin:0;">
        <br />
    </p>
    <table style="border-spacing:0;font-size:inherit;box-sizing:border-box;">
        <colgroup>
            <col style="width:333.3px;" />
        </colgroup>
        <tr>
            <td style="vertical-align:top;border:3px double;padding:0 9.6px;">Thin thick thin border (large)
            </td>
        </tr>
    </table>
    <p style="margin:0;">
        <br />
    </p>
    <table style="border-spacing:0;font-size:inherit;box-sizing:border-box;">
        <colgroup>
            <col style="width:333.3px;" />
        </colgroup>
        <tr>
            <td style="vertical-align:top;border:1px solid;padding:0 9.6px;">Wavy border
            </td>
        </tr>
    </table>
    <p style="margin:0;">
        <br />
    </p>
    <table style="border-spacing:0;font-size:inherit;box-sizing:border-box;">
        <colgroup>
            <col style="width:333.3px;" />
        </colgroup>
        <tr>
            <td style="vertical-align:top;border:1px solid;padding:0 9.6px;">Striped border
            </td>
        </tr>
    </table>
    <p style="margin:0;">
        <br />
    </p>
    <table style="border-spacing:0;font-size:inherit;box-sizing:border-box;">
        <colgroup>
            <col style="width:333.3px;" />
        </colgroup>
        <tr>
            <td style="vertical-align:top;border-top:3px ridge;border-right:3px groove;border-bottom:3px groove;border-left:3px ridge;padding:0 9.6px;">Emboss border
            </td>
        </tr>
    </table>
    <p style="margin:0;">
        <br />
    </p>
    <table style="border-spacing:0;font-size:inherit;box-sizing:border-box;">
        <colgroup>
            <col style="width:333.3px;" />
        </colgroup>
        <tr>
            <td style="vertical-align:top;border-top:3px groove;border-right:3px ridge;border-bottom:3px ridge;border-left:3px groove;padding:0 9.6px;">Engrave border
            </td>
        </tr>
    </table>
    <p style="margin:0;">
        <br />
    </p>
    <p style="margin:0;">End of border types.
    </p>
 </div>