<div style="font-size:12pt;">
    <table style="border-spacing:0;font-size:inherit;box-sizing:border-box;">
        <colgroup>
            <col style="width:66.7px;" />
            <col style="width:66.7px;" />
            <col style="width:66.7px;" />
        </colgroup>
        <tr>
            <td style="vertical-align:top;border:1px solid;padding:0;">cell 1
            </td>
            <td style="vertical-align:top;border:1px solid;padding:0;">lots of text in cell two
            </td>
            <td style="vertical-align:top;border:1px solid;padding:0;">cell 3
            </td>
        </tr>
    </table>
 </div>