<div style="font-size:12pt;font-family:&quot;Times New Roman&quot;, serif;">
    <table style="line-height:1.3;font-family:Aptos, sans-serif;font-size:11pt;border-spacing:0;box-sizing:border-box;margin:0 0 0 0.3px;">
        <colgroup>
            <col style="width:154px;" />
            <col style="width:154px;" />
            <col style="width:154.1px;" />
            <col style="width:154.1px;" />
        </colgroup>
        <tr style="text-align:left;">
            <td rowspan="2" style="vertical-align:top;border:1px solid;padding:0 7.2px;">&nbsp;
            </td>
            <td style="vertical-align:top;border:1px solid;padding:0 7.2px;">&nbsp;
            </td>
            <td colspan="2" style="vertical-align:top;border:1px solid;padding:0 7.2px;">&nbsp;
            </td>
        </tr>
        <tr style="text-align:left;">
            <td style="vertical-align:top;border:1px solid;padding:0 7.2px;">&nbsp;
            </td>
            <td rowspan="2" style="vertical-align:top;border:1px solid;padding:0 7.2px;">&nbsp;
            </td>
            <td style="vertical-align:top;border:1px solid;padding:0 7.2px;">&nbsp;
            </td>
        </tr>
        <tr style="text-align:left;">
            <td style="vertical-align:top;border:1px solid;padding:0 7.2px;">&nbsp;
            </td>
            <td style="vertical-align:top;border:1px solid;padding:0 7.2px;">&nbsp;
            </td>
            <td style="vertical-align:top;border:1px solid;padding:0 7.2px;">&nbsp;
            </td>
        </tr>
    </table>
 </div>